******************************************************************************
                  TI ARM Linker PC v5.2.5                      
******************************************************************************
>> Linked Wed Dec 16 15:52:24 2015

OUTPUT FILE NAME:   <multi-uart.out>
ENTRY POINT SYMBOL: "_c_int00"  address: 00000855


MEMORY CONFIGURATION

         name            origin    length      used     unused   attr    fill
----------------------  --------  ---------  --------  --------  ----  --------
  FLASH                 00000000   00040000  00000bee  0003f412  R  X
  SRAM                  20000000   00008000  00000114  00007eec  RW X


SEGMENT ALLOCATION MAP

run origin  load origin   length   init length attrs members
----------  ----------- ---------- ----------- ----- -------
00000000    00000000    00000bf0   00000bf0    r-x
  00000000    00000000    0000026c   0000026c    r-- .intvecs
  0000026c    0000026c    00000866   00000866    r-x .text
  00000ad4    00000ad4    000000fc   000000fc    r-- .const
  00000bd0    00000bd0    00000020   00000020    r-- .cinit
20000000    20000000    00000114   00000000    rw-
  20000000    20000000    00000100   00000000    rw- .stack
  20000100    20000100    00000014   00000000    rw- .data


SECTION ALLOCATION MAP

 output                                  attributes/
section   page    origin      length       input sections
--------  ----  ----------  ----------   ----------------
.intvecs   0    00000000    0000026c     
                  00000000    0000026c     startup_ccs.obj (.intvecs)

.text      0    0000026c    00000866     
                  0000026c    00000130     driverlib.lib : gpio.obj (.text:GPIOPadConfigSet)
                  0000039c    0000010c                   : sysctl.obj (.text:SysCtlClockGet)
                  000004a8    000000f0                   : sysctl.obj (.text:SysCtlClockSet)
                  00000598    000000cc     uart_echo.obj (.text:main)
                  00000664    0000009c     rtsv7M4_T_le_v4SPD16_eabi.lib : memcpy_t2.obj (.text)
                  00000700    0000007a                                   : memset_t2.obj (.text)
                  0000077a    00000002     startup_ccs.obj (.text:FaultISR)
                  0000077c    0000006c     rtsv7M4_T_le_v4SPD16_eabi.lib : autoinit.obj (.text)
                  000007e8    0000006a                                   : copy_decompress_rle.obj (.text)
                  00000852    00000002     startup_ccs.obj (.text:IntDefaultHandler)
                  00000854    00000050     rtsv7M4_T_le_v4SPD16_eabi.lib : boot.obj (.text)
                  000008a4    0000004c                                   : cpy_tbl.obj (.text)
                  000008f0    00000048     driverlib.lib : gpio.obj (.text:GPIOPinConfigure)
                  00000938    00000044     rtsv7M4_T_le_v4SPD16_eabi.lib : exit.obj (.text)
                  0000097c    00000042     driverlib.lib : uart.obj (.text:UARTConfigSetExpClk)
                  000009be    00000002     startup_ccs.obj (.text:NmiSR)
                  000009c0    00000034     driverlib.lib : sysctl.obj (.text:SysCtlPeripheralEnable)
                  000009f4    0000002a                   : gpio.obj (.text:GPIODirModeSet)
                  00000a1e    00000002     --HOLE-- [fill = 0]
                  00000a20    0000001c                   : uart.obj (.text:UARTDisable)
                  00000a3c    00000018     rtsv7M4_T_le_v4SPD16_eabi.lib : args_main.obj (.text)
                  00000a54    00000014     driverlib.lib : uart.obj (.text:UARTEnable)
                  00000a68    00000014     rtsv7M4_T_le_v4SPD16_eabi.lib : _lock.obj (.text)
                  00000a7c    00000012     driverlib.lib : gpio.obj (.text:GPIOPinTypeUART)
                  00000a8e    0000000e     rtsv7M4_T_le_v4SPD16_eabi.lib : copy_decompress_none.obj (.text:decompress:none)
                  00000a9c    0000000c     driverlib.lib : uart.obj (.text:UARTCharsAvail)
                  00000aa8    0000000a                   : uart.obj (.text:UARTCharGet)
                  00000ab2    0000000a                   : uart.obj (.text:UARTCharPut)
                  00000abc    00000006     startup_ccs.obj (.text:ResetISR)
                  00000ac2    00000006     driverlib.lib : sysctl.obj (.text:SysCtlDelay)
                  00000ac8    00000006     rtsv7M4_T_le_v4SPD16_eabi.lib : copy_decompress_rle.obj (.text:decompress:rle24)
                  00000ace    00000004                                   : pre_init.obj (.text)

.const     0    00000ad4    000000fc     
                  00000ad4    00000090     driverlib.lib : gpio.obj (.const:g_pui32GPIOBaseAddrs)
                  00000b64    0000006c                   : sysctl.obj (.const:g_pui32Xtals)

.cinit     0    00000bd0    00000020     
                  00000bd0    0000000f     (.cinit..data.load) [load image, compression = rle]
                  00000bdf    00000001     --HOLE-- [fill = 0]
                  00000be0    00000008     (__TI_handler_table)
                  00000be8    00000008     (__TI_cinit_table)

.init_array 
*          0    00000000    00000000     UNINITIALIZED

.stack     0    20000000    00000100     UNINITIALIZED
                  20000000    00000100     --HOLE--

.data      0    20000100    00000014     UNINITIALIZED
                  20000100    00000008     rtsv7M4_T_le_v4SPD16_eabi.lib : _lock.obj (.data)
                  20000108    00000008                                   : exit.obj (.data)
                  20000110    00000004                                   : stkdepth_vars.obj (.data)

.TI.persistent 
*          0    20000100    00000000     UNINITIALIZED


LINKER GENERATED COPY TABLES

__TI_cinit_table @ 00000be8 records: 1, size/record: 8, table size: 8
	.data: load addr=00000bd0, load size=0000000f bytes, run addr=20000100, run size=00000014 bytes, compression=rle


LINKER GENERATED HANDLER TABLE

__TI_handler_table @ 00000be0 records: 2, size/record: 4, table size: 8
	index: 0, handler: __TI_decompress_rle24
	index: 1, handler: __TI_decompress_none


GLOBAL SYMBOLS: SORTED ALPHABETICALLY BY Name 

address   name                    
-------   ----                    
00000939  C$$EXIT                 
000009f5  GPIODirModeSet          
0000026d  GPIOPadConfigSet        
000008f1  GPIOPinConfigure        
00000a7d  GPIOPinTypeUART         
00000abd  ResetISR                
UNDEFED   SHT$$INIT_ARRAY$$Base   
UNDEFED   SHT$$INIT_ARRAY$$Limit  
0000039d  SysCtlClockGet          
000004a9  SysCtlClockSet          
00000ac3  SysCtlDelay             
000009c1  SysCtlPeripheralEnable  
00000aa9  UARTCharGet             
00000ab3  UARTCharPut             
00000a9d  UARTCharsAvail          
0000097d  UARTConfigSetExpClk     
00000a21  UARTDisable             
00000a55  UARTEnable              
20000100  __STACK_END             
00000100  __STACK_SIZE            
20000100  __STACK_TOP             
00000be8  __TI_CINIT_Base         
00000bf0  __TI_CINIT_Limit        
00000be0  __TI_Handler_Table_Base 
00000be8  __TI_Handler_Table_Limit
0000077d  __TI_auto_init          
20000108  __TI_cleanup_ptr        
00000a8f  __TI_decompress_none    
00000ac9  __TI_decompress_rle24   
2000010c  __TI_dtors_ptr          
00000000  __TI_static_base__      
00000701  __aeabi_memclr          
00000701  __aeabi_memclr4         
00000701  __aeabi_memclr8         
00000665  __aeabi_memcpy          
00000665  __aeabi_memcpy4         
00000665  __aeabi_memcpy8         
00000703  __aeabi_memset          
00000703  __aeabi_memset4         
00000703  __aeabi_memset8         
ffffffff  __binit__               
ffffffff  __c_args__              
20000000  __stack                 
00000a3d  _args_main              
00000855  _c_int00                
20000100  _lock                   
00000a77  _nop                    
00000a6f  _register_lock          
00000a69  _register_unlock        
00000acf  _system_pre_init        
20000104  _unlock                 
0000093d  abort                   
ffffffff  binit                   
000008a5  copy_in                 
00000945  exit                    
00000000  g_pfnVectors            
00000599  main                    
20000110  main_func_sp            
00000665  memcpy                  
00000709  memset                  


GLOBAL SYMBOLS: SORTED BY Symbol Address 

address   name                    
-------   ----                    
00000000  __TI_static_base__      
00000000  g_pfnVectors            
00000100  __STACK_SIZE            
0000026d  GPIOPadConfigSet        
0000039d  SysCtlClockGet          
000004a9  SysCtlClockSet          
00000599  main                    
00000665  __aeabi_memcpy          
00000665  __aeabi_memcpy4         
00000665  __aeabi_memcpy8         
00000665  memcpy                  
00000701  __aeabi_memclr          
00000701  __aeabi_memclr4         
00000701  __aeabi_memclr8         
00000703  __aeabi_memset          
00000703  __aeabi_memset4         
00000703  __aeabi_memset8         
00000709  memset                  
0000077d  __TI_auto_init          
00000855  _c_int00                
000008a5  copy_in                 
000008f1  GPIOPinConfigure        
00000939  C$$EXIT                 
0000093d  abort                   
00000945  exit                    
0000097d  UARTConfigSetExpClk     
000009c1  SysCtlPeripheralEnable  
000009f5  GPIODirModeSet          
00000a21  UARTDisable             
00000a3d  _args_main              
00000a55  UARTEnable              
00000a69  _register_unlock        
00000a6f  _register_lock          
00000a77  _nop                    
00000a7d  GPIOPinTypeUART         
00000a8f  __TI_decompress_none    
00000a9d  UARTCharsAvail          
00000aa9  UARTCharGet             
00000ab3  UARTCharPut             
00000abd  ResetISR                
00000ac3  SysCtlDelay             
00000ac9  __TI_decompress_rle24   
00000acf  _system_pre_init        
00000be0  __TI_Handler_Table_Base 
00000be8  __TI_CINIT_Base         
00000be8  __TI_Handler_Table_Limit
00000bf0  __TI_CINIT_Limit        
20000000  __stack                 
20000100  __STACK_END             
20000100  __STACK_TOP             
20000100  _lock                   
20000104  _unlock                 
20000108  __TI_cleanup_ptr        
2000010c  __TI_dtors_ptr          
20000110  main_func_sp            
ffffffff  __binit__               
ffffffff  __c_args__              
ffffffff  binit                   
UNDEFED   SHT$$INIT_ARRAY$$Base   
UNDEFED   SHT$$INIT_ARRAY$$Limit  

[60 symbols]
