******************************************************************************
                  TI ARM Linker PC v5.2.2                      
******************************************************************************
>> Linked Thu Dec 17 00:35:20 2015

OUTPUT FILE NAME:   <09_Shift_Register_DriverLibrary.out>
ENTRY POINT SYMBOL: "_c_int00"  address: 0000088d


MEMORY CONFIGURATION

         name            origin    length      used     unused   attr    fill
----------------------  --------  ---------  --------  --------  ----  --------
  FLASH                 00000000   00040000  00000c06  0003f3fa  R  X
  SRAM                  20000000   00008000  00000214  00007dec  RW X


SEGMENT ALLOCATION MAP

run origin  load origin   length   init length attrs members
----------  ----------- ---------- ----------- ----- -------
00000000    00000000    00000c08   00000c08    r-x
  00000000    00000000    0000026c   0000026c    r-- .intvecs
  0000026c    0000026c    0000087e   0000087e    r-x .text
  00000aec    00000aec    000000fc   000000fc    r-- .const
  00000be8    00000be8    00000020   00000020    r-- .cinit
20000000    20000000    00000214   00000000    rw-
  20000000    20000000    00000200   00000000    rw- .stack
  20000200    20000200    00000014   00000000    rw- .data


SECTION ALLOCATION MAP

 output                                  attributes/
section   page    origin      length       input sections
--------  ----  ----------  ----------   ----------------
.intvecs   0    00000000    0000026c     
                  00000000    0000026c     tm4c123gh6pm_startup_ccs.obj (.intvecs)

.text      0    0000026c    0000087e     
                  0000026c    00000130     driverlib.lib : gpio.obj (.text:GPIOPadConfigSet)
                  0000039c    0000010c                   : sysctl.obj (.text:SysCtlClockGet)
                  000004a8    00000104     main.obj (.text)
                  000005ac    000000f0     driverlib.lib : sysctl.obj (.text:SysCtlClockSet)
                  0000069c    0000009c     rtsv7M4_T_le_v4SPD16_eabi.lib : memcpy_t2.obj (.text)
                  00000738    0000007a                                   : memset_t2.obj (.text)
                  000007b2    00000002     --HOLE-- [fill = 0]
                  000007b4    0000006c                                   : autoinit.obj (.text)
                  00000820    0000006a                                   : copy_decompress_rle.obj (.text)
                  0000088a    00000002     --HOLE-- [fill = 0]
                  0000088c    00000050                                   : boot.obj (.text)
                  000008dc    0000004c                                   : cpy_tbl.obj (.text)
                  00000928    00000048     driverlib.lib : gpio.obj (.text:GPIOPinConfigure)
                  00000970    00000044     rtsv7M4_T_le_v4SPD16_eabi.lib : exit.obj (.text)
                  000009b4    0000003c     driverlib.lib : ssi.obj (.text:SSIConfigSetExpClk)
                  000009f0    00000034                   : sysctl.obj (.text:SysCtlPeripheralEnable)
                  00000a24    0000002a                   : gpio.obj (.text:GPIODirModeSet)
                  00000a4e    00000018                   : gpio.obj (.text:GPIOPinTypeGPIOOutput)
                  00000a66    00000002     --HOLE-- [fill = 0]
                  00000a68    00000018     rtsv7M4_T_le_v4SPD16_eabi.lib : args_main.obj (.text)
                  00000a80    00000014                                   : _lock.obj (.text)
                  00000a94    00000012     driverlib.lib : gpio.obj (.text:GPIOPinTypeSSI)
                  00000aa6    0000000e     rtsv7M4_T_le_v4SPD16_eabi.lib : copy_decompress_none.obj (.text:decompress:none)
                  00000ab4    0000000c     tm4c123gh6pm_startup_ccs.obj (.text)
                  00000ac0    0000000a     driverlib.lib : ssi.obj (.text:SSIDataPut)
                  00000aca    0000000a                   : ssi.obj (.text:SSIEnable)
                  00000ad4    00000006                   : gpio.obj (.text:GPIOPinWrite)
                  00000ada    00000006                   : sysctl.obj (.text:SysCtlDelay)
                  00000ae0    00000006     rtsv7M4_T_le_v4SPD16_eabi.lib : copy_decompress_rle.obj (.text:decompress:rle24)
                  00000ae6    00000004                                   : pre_init.obj (.text)

.const     0    00000aec    000000fc     
                  00000aec    00000090     driverlib.lib : gpio.obj (.const:g_pui32GPIOBaseAddrs)
                  00000b7c    0000006c                   : sysctl.obj (.const:g_pui32Xtals)

.cinit     0    00000be8    00000020     
                  00000be8    0000000f     (.cinit..data.load) [load image, compression = rle]
                  00000bf7    00000001     --HOLE-- [fill = 0]
                  00000bf8    00000008     (__TI_handler_table)
                  00000c00    00000008     (__TI_cinit_table)

.init_array 
*          0    00000000    00000000     UNINITIALIZED

.stack     0    20000000    00000200     UNINITIALIZED
                  20000000    00000200     --HOLE--

.data      0    20000200    00000014     UNINITIALIZED
                  20000200    00000008     rtsv7M4_T_le_v4SPD16_eabi.lib : _lock.obj (.data)
                  20000208    00000008                                   : exit.obj (.data)
                  20000210    00000004                                   : stkdepth_vars.obj (.data)

.TI.persistent 
*          0    20000200    00000000     UNINITIALIZED


LINKER GENERATED COPY TABLES

__TI_cinit_table @ 00000c00 records: 1, size/record: 8, table size: 8
	.data: load addr=00000be8, load size=0000000f bytes, run addr=20000200, run size=00000014 bytes, compression=rle


LINKER GENERATED HANDLER TABLE

__TI_handler_table @ 00000bf8 records: 2, size/record: 4, table size: 8
	index: 0, handler: __TI_decompress_rle24
	index: 1, handler: __TI_decompress_none


GLOBAL SYMBOLS: SORTED ALPHABETICALLY BY Name 

address   name                    
-------   ----                    
00000971  C$$EXIT                 
00000a25  GPIODirModeSet          
0000026d  GPIOPadConfigSet        
00000929  GPIOPinConfigure        
00000a4f  GPIOPinTypeGPIOOutput   
00000a95  GPIOPinTypeSSI          
00000ad5  GPIOPinWrite            
00000ab5  ResetISR                
UNDEFED   SHT$$INIT_ARRAY$$Base   
UNDEFED   SHT$$INIT_ARRAY$$Limit  
000009b5  SSIConfigSetExpClk      
00000ac1  SSIDataPut              
00000acb  SSIEnable               
0000039d  SysCtlClockGet          
000005ad  SysCtlClockSet          
00000adb  SysCtlDelay             
000009f1  SysCtlPeripheralEnable  
20000200  __STACK_END             
00000200  __STACK_SIZE            
20000200  __STACK_TOP             
00000c00  __TI_CINIT_Base         
00000c08  __TI_CINIT_Limit        
00000bf8  __TI_Handler_Table_Base 
00000c00  __TI_Handler_Table_Limit
000007b5  __TI_auto_init          
20000208  __TI_cleanup_ptr        
00000aa7  __TI_decompress_none    
00000ae1  __TI_decompress_rle24   
2000020c  __TI_dtors_ptr          
00000000  __TI_static_base__      
00000739  __aeabi_memclr          
00000739  __aeabi_memclr4         
00000739  __aeabi_memclr8         
0000069d  __aeabi_memcpy          
0000069d  __aeabi_memcpy4         
0000069d  __aeabi_memcpy8         
0000073b  __aeabi_memset          
0000073b  __aeabi_memset4         
0000073b  __aeabi_memset8         
ffffffff  __binit__               
ffffffff  __c_args__              
20000000  __stack                 
00000a69  _args_main              
0000088d  _c_int00                
20000200  _lock                   
00000a8f  _nop                    
00000a87  _register_lock          
00000a81  _register_unlock        
00000ae7  _system_pre_init        
20000204  _unlock                 
00000975  abort                   
ffffffff  binit                   
000008dd  copy_in                 
0000097d  exit                    
00000000  g_pfnVectors            
000004a9  latch                   
000004cf  main                    
20000210  main_func_sp            
0000069d  memcpy                  
00000741  memset                  


GLOBAL SYMBOLS: SORTED BY Symbol Address 

address   name                    
-------   ----                    
00000000  __TI_static_base__      
00000000  g_pfnVectors            
00000200  __STACK_SIZE            
0000026d  GPIOPadConfigSet        
0000039d  SysCtlClockGet          
000004a9  latch                   
000004cf  main                    
000005ad  SysCtlClockSet          
0000069d  __aeabi_memcpy          
0000069d  __aeabi_memcpy4         
0000069d  __aeabi_memcpy8         
0000069d  memcpy                  
00000739  __aeabi_memclr          
00000739  __aeabi_memclr4         
00000739  __aeabi_memclr8         
0000073b  __aeabi_memset          
0000073b  __aeabi_memset4         
0000073b  __aeabi_memset8         
00000741  memset                  
000007b5  __TI_auto_init          
0000088d  _c_int00                
000008dd  copy_in                 
00000929  GPIOPinConfigure        
00000971  C$$EXIT                 
00000975  abort                   
0000097d  exit                    
000009b5  SSIConfigSetExpClk      
000009f1  SysCtlPeripheralEnable  
00000a25  GPIODirModeSet          
00000a4f  GPIOPinTypeGPIOOutput   
00000a69  _args_main              
00000a81  _register_unlock        
00000a87  _register_lock          
00000a8f  _nop                    
00000a95  GPIOPinTypeSSI          
00000aa7  __TI_decompress_none    
00000ab5  ResetISR                
00000ac1  SSIDataPut              
00000acb  SSIEnable               
00000ad5  GPIOPinWrite            
00000adb  SysCtlDelay             
00000ae1  __TI_decompress_rle24   
00000ae7  _system_pre_init        
00000bf8  __TI_Handler_Table_Base 
00000c00  __TI_CINIT_Base         
00000c00  __TI_Handler_Table_Limit
00000c08  __TI_CINIT_Limit        
20000000  __stack                 
20000200  __STACK_END             
20000200  __STACK_TOP             
20000200  _lock                   
20000204  _unlock                 
20000208  __TI_cleanup_ptr        
2000020c  __TI_dtors_ptr          
20000210  main_func_sp            
ffffffff  __binit__               
ffffffff  __c_args__              
ffffffff  binit                   
UNDEFED   SHT$$INIT_ARRAY$$Base   
UNDEFED   SHT$$INIT_ARRAY$$Limit  

[60 symbols]
