******************************************************************************
                  TI ARM Linker PC v5.2.5                      
******************************************************************************
>> Linked Thu Dec 17 09:34:16 2015

OUTPUT FILE NAME:   <keypad.out>
ENTRY POINT SYMBOL: "_c_int00"  address: 00000a25


MEMORY CONFIGURATION

         name            origin    length      used     unused   attr    fill
----------------------  --------  ---------  --------  --------  ----  --------
  FLASH                 00000000   00040000  00000eec  0003f114  R  X
  SRAM                  20000000   00008000  00000483  00007b7d  RW X


SEGMENT ALLOCATION MAP

run origin  load origin   length   init length attrs members
----------  ----------- ---------- ----------- ----- -------
00000000    00000000    00000ef0   00000ef0    r-x
  00000000    00000000    0000026c   0000026c    r-- .intvecs
  0000026c    0000026c    00000a58   00000a58    r-x .text
  00000cc4    00000cc4    000001f0   000001f0    r-- .const
  00000eb8    00000eb8    00000038   00000038    r-- .cinit
20000000    20000000    00000483   00000000    rw-
  20000000    20000000    0000026c   00000000    rw- .vtable
  2000026c    2000026c    00000200   00000000    rw- .stack
  2000046c    2000046c    00000017   00000000    rw- .data


SECTION ALLOCATION MAP

 output                                  attributes/
section   page    origin      length       input sections
--------  ----  ----------  ----------   ----------------
.intvecs   0    00000000    0000026c     
                  00000000    0000026c     tm4c123gh6pm_startup_ccs.obj (.intvecs)

.text      0    0000026c    00000a58     
                  0000026c    000002e8     main.obj (.text)
                  00000554    00000130     driverlib.lib : gpio.obj (.text:GPIOPadConfigSet)
                  00000684    000000f0                   : sysctl.obj (.text:SysCtlClockSet)
                  00000774    0000009c     rtsv7M4_T_le_v4SPD16_eabi.lib : memcpy_t2.obj (.text)
                  00000810    0000007a                                   : memset_t2.obj (.text)
                  0000088a    00000002     --HOLE-- [fill = 0]
                  0000088c    0000006c                                   : autoinit.obj (.text)
                  000008f8    0000006a                                   : copy_decompress_rle.obj (.text)
                  00000962    00000002     --HOLE-- [fill = 0]
                  00000964    00000068     driverlib.lib : interrupt.obj (.text:IntEnable)
                  000009cc    00000056                   : gpio.obj (.text:GPIOIntTypeSet)
                  00000a22    00000002     --HOLE-- [fill = 0]
                  00000a24    00000050     rtsv7M4_T_le_v4SPD16_eabi.lib : boot.obj (.text)
                  00000a74    0000004c                                   : cpy_tbl.obj (.text)
                  00000ac0    00000044                                   : exit.obj (.text)
                  00000b04    00000040     driverlib.lib : gpio.obj (.text:_GPIOIntNumberGet)
                  00000b44    00000034                   : interrupt.obj (.text:IntRegister)
                  00000b78    00000034                   : sysctl.obj (.text:SysCtlPeripheralEnable)
                  00000bac    0000002a                   : gpio.obj (.text:GPIODirModeSet)
                  00000bd6    00000018                   : gpio.obj (.text:GPIOIntRegister)
                  00000bee    00000018                   : gpio.obj (.text:GPIOPinTypeGPIOOutput)
                  00000c06    00000002     --HOLE-- [fill = 0]
                  00000c08    00000018     rtsv7M4_T_le_v4SPD16_eabi.lib : args_main.obj (.text)
                  00000c20    00000014                                   : _lock.obj (.text)
                  00000c34    00000012     driverlib.lib : gpio.obj (.text:GPIOPinTypeGPIOInput)
                  00000c46    00000010                   : interrupt.obj (.text:IntMasterEnable)
                  00000c56    0000000e                   : gpio.obj (.text:GPIOIntStatus)
                  00000c64    0000000e     rtsv7M4_T_le_v4SPD16_eabi.lib : copy_decompress_none.obj (.text:decompress:none)
                  00000c72    0000000c     driverlib.lib : cpu.obj (.text:CPUcpsie)
                  00000c7e    0000000c                   : gpio.obj (.text:GPIOIntEnable)
                  00000c8a    0000000c     rtsv7M4_T_le_v4SPD16_eabi.lib : copy_zero_init.obj (.text:decompress:ZI)
                  00000c96    0000000c     tm4c123gh6pm_startup_ccs.obj (.text)
                  00000ca2    00000006     driverlib.lib : gpio.obj (.text:GPIOIntClear)
                  00000ca8    00000006                   : gpio.obj (.text:GPIOPinRead)
                  00000cae    00000006                   : gpio.obj (.text:GPIOPinWrite)
                  00000cb4    00000006                   : sysctl.obj (.text:SysCtlDelay)
                  00000cba    00000006     rtsv7M4_T_le_v4SPD16_eabi.lib : copy_decompress_rle.obj (.text:decompress:rle24)
                  00000cc0    00000004                                   : pre_init.obj (.text)

.const     0    00000cc4    000001f0     
                  00000cc4    000000c0     driverlib.lib : gpio.obj (.const:g_ppui32GPIOIntMapBlizzard)
                  00000d84    000000c0                   : gpio.obj (.const:g_ppui32GPIOIntMapSnowflake)
                  00000e44    00000070                   : interrupt.obj (.const)

.cinit     0    00000eb8    00000038     
                  00000eb8    0000000f     (.cinit..data.load) [load image, compression = rle]
                  00000ec7    00000001     --HOLE-- [fill = 0]
                  00000ec8    0000000c     (__TI_handler_table)
                  00000ed4    00000004     --HOLE-- [fill = 0]
                  00000ed8    00000008     (.cinit..vtable.load) [load image, compression = zero_init]
                  00000ee0    00000010     (__TI_cinit_table)

.init_array 
*          0    00000000    00000000     UNINITIALIZED

.vtable    0    20000000    0000026c     UNINITIALIZED
                  20000000    0000026c     driverlib.lib : interrupt.obj (.vtable)

.stack     0    2000026c    00000200     UNINITIALIZED
                  2000026c    00000200     --HOLE--

.data      0    2000046c    00000017     UNINITIALIZED
                  2000046c    00000008     rtsv7M4_T_le_v4SPD16_eabi.lib : _lock.obj (.data)
                  20000474    00000008                                   : exit.obj (.data)
                  2000047c    00000004                                   : stkdepth_vars.obj (.data)
                  20000480    00000003     main.obj (.data)

.TI.persistent 
*          0    2000046c    00000000     UNINITIALIZED


LINKER GENERATED COPY TABLES

__TI_cinit_table @ 00000ee0 records: 2, size/record: 8, table size: 16
	.data: load addr=00000eb8, load size=0000000f bytes, run addr=2000046c, run size=00000017 bytes, compression=rle
	.vtable: load addr=00000ed8, load size=00000008 bytes, run addr=20000000, run size=0000026c bytes, compression=zero_init


LINKER GENERATED HANDLER TABLE

__TI_handler_table @ 00000ec8 records: 3, size/record: 4, table size: 12
	index: 0, handler: __TI_zero_init
	index: 1, handler: __TI_decompress_rle24
	index: 2, handler: __TI_decompress_none


GLOBAL SYMBOLS: SORTED ALPHABETICALLY BY Name 

address   name                    
-------   ----                    
00000ac1  C$$EXIT                 
00000c73  CPUcpsie                
00000bad  GPIODirModeSet          
00000ca3  GPIOIntClear            
00000c7f  GPIOIntEnable           
00000bd7  GPIOIntRegister         
00000c57  GPIOIntStatus           
000009cd  GPIOIntTypeSet          
00000555  GPIOPadConfigSet        
00000ca9  GPIOPinRead             
00000c35  GPIOPinTypeGPIOInput    
00000bef  GPIOPinTypeGPIOOutput   
00000caf  GPIOPinWrite            
00000965  IntEnable               
00000c47  IntMasterEnable         
00000b45  IntRegister             
00000c97  ResetISR                
UNDEFED   SHT$$INIT_ARRAY$$Base   
UNDEFED   SHT$$INIT_ARRAY$$Limit  
00000685  SysCtlClockSet          
00000cb5  SysCtlDelay             
00000b79  SysCtlPeripheralEnable  
2000046c  __STACK_END             
00000200  __STACK_SIZE            
2000046c  __STACK_TOP             
00000ee0  __TI_CINIT_Base         
00000ef0  __TI_CINIT_Limit        
00000ec8  __TI_Handler_Table_Base 
00000ed4  __TI_Handler_Table_Limit
0000088d  __TI_auto_init          
20000474  __TI_cleanup_ptr        
00000c65  __TI_decompress_none    
00000cbb  __TI_decompress_rle24   
20000478  __TI_dtors_ptr          
00000000  __TI_static_base__      
00000c8b  __TI_zero_init          
00000811  __aeabi_memclr          
00000811  __aeabi_memclr4         
00000811  __aeabi_memclr8         
00000775  __aeabi_memcpy          
00000775  __aeabi_memcpy4         
00000775  __aeabi_memcpy8         
00000813  __aeabi_memset          
00000813  __aeabi_memset4         
00000813  __aeabi_memset8         
ffffffff  __binit__               
ffffffff  __c_args__              
2000026c  __stack                 
00000c09  _args_main              
00000a25  _c_int00                
2000046c  _lock                   
00000c2f  _nop                    
00000c27  _register_lock          
00000c21  _register_unlock        
00000cc1  _system_pre_init        
20000470  _unlock                 
00000ac5  abort                   
ffffffff  binit                   
0000038d  checkRow                
20000480  col                     
00000a75  copy_in                 
00000acd  exit                    
20000000  g_pfnRAMVectors         
00000000  g_pfnVectors            
20000482  key                     
00000471  keypad_isr              
0000026d  main                    
2000047c  main_func_sp            
00000775  memcpy                  
00000819  memset                  
000003d5  poll                    
20000481  row                     


GLOBAL SYMBOLS: SORTED BY Symbol Address 

address   name                    
-------   ----                    
00000000  __TI_static_base__      
00000000  g_pfnVectors            
00000200  __STACK_SIZE            
0000026d  main                    
0000038d  checkRow                
000003d5  poll                    
00000471  keypad_isr              
00000555  GPIOPadConfigSet        
00000685  SysCtlClockSet          
00000775  __aeabi_memcpy          
00000775  __aeabi_memcpy4         
00000775  __aeabi_memcpy8         
00000775  memcpy                  
00000811  __aeabi_memclr          
00000811  __aeabi_memclr4         
00000811  __aeabi_memclr8         
00000813  __aeabi_memset          
00000813  __aeabi_memset4         
00000813  __aeabi_memset8         
00000819  memset                  
0000088d  __TI_auto_init          
00000965  IntEnable               
000009cd  GPIOIntTypeSet          
00000a25  _c_int00                
00000a75  copy_in                 
00000ac1  C$$EXIT                 
00000ac5  abort                   
00000acd  exit                    
00000b45  IntRegister             
00000b79  SysCtlPeripheralEnable  
00000bad  GPIODirModeSet          
00000bd7  GPIOIntRegister         
00000bef  GPIOPinTypeGPIOOutput   
00000c09  _args_main              
00000c21  _register_unlock        
00000c27  _register_lock          
00000c2f  _nop                    
00000c35  GPIOPinTypeGPIOInput    
00000c47  IntMasterEnable         
00000c57  GPIOIntStatus           
00000c65  __TI_decompress_none    
00000c73  CPUcpsie                
00000c7f  GPIOIntEnable           
00000c8b  __TI_zero_init          
00000c97  ResetISR                
00000ca3  GPIOIntClear            
00000ca9  GPIOPinRead             
00000caf  GPIOPinWrite            
00000cb5  SysCtlDelay             
00000cbb  __TI_decompress_rle24   
00000cc1  _system_pre_init        
00000ec8  __TI_Handler_Table_Base 
00000ed4  __TI_Handler_Table_Limit
00000ee0  __TI_CINIT_Base         
00000ef0  __TI_CINIT_Limit        
20000000  g_pfnRAMVectors         
2000026c  __stack                 
2000046c  __STACK_END             
2000046c  __STACK_TOP             
2000046c  _lock                   
20000470  _unlock                 
20000474  __TI_cleanup_ptr        
20000478  __TI_dtors_ptr          
2000047c  main_func_sp            
20000480  col                     
20000481  row                     
20000482  key                     
ffffffff  __binit__               
ffffffff  __c_args__              
ffffffff  binit                   
UNDEFED   SHT$$INIT_ARRAY$$Base   
UNDEFED   SHT$$INIT_ARRAY$$Limit  

[72 symbols]
