******************************************************************************
                  TI ARM Linker PC v5.2.5                      
******************************************************************************
>> Linked Wed Dec 16 13:50:23 2015

OUTPUT FILE NAME:   <08_Timer_PWM_StarShip.out>
ENTRY POINT SYMBOL: "_c_int00"  address: 000009e1


MEMORY CONFIGURATION

         name            origin    length      used     unused   attr    fill
----------------------  --------  ---------  --------  --------  ----  --------
  FLASH                 00000000   00040000  00000d4c  0003f2b4  R  X
  SRAM                  20000000   00008000  00000218  00007de8  RW X


SEGMENT ALLOCATION MAP

run origin  load origin   length   init length attrs members
----------  ----------- ---------- ----------- ----- -------
00000000    00000000    00000d50   00000d50    r-x
  00000000    00000000    0000026c   0000026c    r-- .intvecs
  0000026c    0000026c    000009ac   000009ac    r-x .text
  00000c18    00000c18    000000fc   000000fc    r-- .const
  00000d18    00000d18    00000038   00000038    r-- .cinit
20000000    20000000    00000218   00000000    rw-
  20000000    20000000    00000200   00000000    rw- .stack
  20000200    20000200    00000014   00000000    rw- .data
  20000214    20000214    00000004   00000000    rw- .bss


SECTION ALLOCATION MAP

 output                                  attributes/
section   page    origin      length       input sections
--------  ----  ----------  ----------   ----------------
.intvecs   0    00000000    0000026c     
                  00000000    0000026c     tm4c123gh6pm_startup_ccs.obj (.intvecs)

.text      0    0000026c    000009ac     
                  0000026c    000001f8     main.obj (.text)
                  00000464    00000130     driverlib.lib : gpio.obj (.text:GPIOPadConfigSet)
                  00000594    0000010c                   : sysctl.obj (.text:SysCtlClockGet)
                  000006a0    000000f0                   : sysctl.obj (.text:SysCtlClockSet)
                  00000790    0000009c     rtsv7M4_T_le_v4SPD16_eabi.lib : memcpy_t2.obj (.text)
                  0000082c    0000007a                                   : memset_t2.obj (.text)
                  000008a6    00000002     --HOLE-- [fill = 0]
                  000008a8    0000006c                                   : autoinit.obj (.text)
                  00000914    0000006a                                   : copy_decompress_rle.obj (.text)
                  0000097e    00000002     --HOLE-- [fill = 0]
                  00000980    00000060     driverlib.lib : timer.obj (.text:TimerConfigure)
                  000009e0    00000050     rtsv7M4_T_le_v4SPD16_eabi.lib : boot.obj (.text)
                  00000a30    0000004c                                   : cpy_tbl.obj (.text)
                  00000a7c    00000048     driverlib.lib : gpio.obj (.text:GPIOPinConfigure)
                  00000ac4    00000044     rtsv7M4_T_le_v4SPD16_eabi.lib : exit.obj (.text)
                  00000b08    00000034     driverlib.lib : sysctl.obj (.text:SysCtlPeripheralEnable)
                  00000b3c    0000002a                   : gpio.obj (.text:GPIODirModeSet)
                  00000b66    00000002     --HOLE-- [fill = 0]
                  00000b68    00000018     rtsv7M4_T_le_v4SPD16_eabi.lib : args_main.obj (.text)
                  00000b80    00000014                                   : _lock.obj (.text)
                  00000b94    00000012     driverlib.lib : gpio.obj (.text:GPIOPinTypeTimer)
                  00000ba6    00000012                   : timer.obj (.text:TimerLoadSet)
                  00000bb8    00000012                   : timer.obj (.text:TimerMatchSet)
                  00000bca    0000000e                   : timer.obj (.text:TimerEnable)
                  00000bd8    0000000e     rtsv7M4_T_le_v4SPD16_eabi.lib : copy_decompress_none.obj (.text:decompress:none)
                  00000be6    0000000c                                   : copy_zero_init.obj (.text:decompress:ZI)
                  00000bf2    0000000c     tm4c123gh6pm_startup_ccs.obj (.text)
                  00000bfe    0000000a     driverlib.lib : timer.obj (.text:TimerLoadGet)
                  00000c08    00000006                   : sysctl.obj (.text:SysCtlDelay)
                  00000c0e    00000006     rtsv7M4_T_le_v4SPD16_eabi.lib : copy_decompress_rle.obj (.text:decompress:rle24)
                  00000c14    00000004                                   : pre_init.obj (.text)

.const     0    00000c18    000000fc     
                  00000c18    00000090     driverlib.lib : gpio.obj (.const:g_pui32GPIOBaseAddrs)
                  00000ca8    0000006c                   : sysctl.obj (.const:g_pui32Xtals)

.cinit     0    00000d18    00000038     
                  00000d18    0000000f     (.cinit..data.load) [load image, compression = rle]
                  00000d27    00000001     --HOLE-- [fill = 0]
                  00000d28    0000000c     (__TI_handler_table)
                  00000d34    00000004     --HOLE-- [fill = 0]
                  00000d38    00000008     (.cinit..bss.load) [load image, compression = zero_init]
                  00000d40    00000010     (__TI_cinit_table)

.init_array 
*          0    00000000    00000000     UNINITIALIZED

.stack     0    20000000    00000200     UNINITIALIZED
                  20000000    00000200     --HOLE--

.data      0    20000200    00000014     UNINITIALIZED
                  20000200    00000008     rtsv7M4_T_le_v4SPD16_eabi.lib : _lock.obj (.data)
                  20000208    00000008                                   : exit.obj (.data)
                  20000210    00000004                                   : stkdepth_vars.obj (.data)

.bss       0    20000214    00000004     UNINITIALIZED
                  20000214    00000004     (.common:i)

.TI.persistent 
*          0    20000200    00000000     UNINITIALIZED

.TI.noinit 
*          0    20000214    00000000     UNINITIALIZED


LINKER GENERATED COPY TABLES

__TI_cinit_table @ 00000d40 records: 2, size/record: 8, table size: 16
	.data: load addr=00000d18, load size=0000000f bytes, run addr=20000200, run size=00000014 bytes, compression=rle
	.bss: load addr=00000d38, load size=00000008 bytes, run addr=20000214, run size=00000004 bytes, compression=zero_init


LINKER GENERATED HANDLER TABLE

__TI_handler_table @ 00000d28 records: 3, size/record: 4, table size: 12
	index: 0, handler: __TI_decompress_rle24
	index: 1, handler: __TI_decompress_none
	index: 2, handler: __TI_zero_init


GLOBAL SYMBOLS: SORTED ALPHABETICALLY BY Name 

address   name                    
-------   ----                    
00000ac5  C$$EXIT                 
00000b3d  GPIODirModeSet          
00000465  GPIOPadConfigSet        
00000a7d  GPIOPinConfigure        
00000b95  GPIOPinTypeTimer        
00000bf3  ResetISR                
UNDEFED   SHT$$INIT_ARRAY$$Base   
UNDEFED   SHT$$INIT_ARRAY$$Limit  
00000595  SysCtlClockGet          
000006a1  SysCtlClockSet          
00000c09  SysCtlDelay             
00000b09  SysCtlPeripheralEnable  
00000981  TimerConfigure          
00000bcb  TimerEnable             
00000bff  TimerLoadGet            
00000ba7  TimerLoadSet            
00000bb9  TimerMatchSet           
20000200  __STACK_END             
00000200  __STACK_SIZE            
20000200  __STACK_TOP             
00000d40  __TI_CINIT_Base         
00000d50  __TI_CINIT_Limit        
00000d28  __TI_Handler_Table_Base 
00000d34  __TI_Handler_Table_Limit
000008a9  __TI_auto_init          
20000208  __TI_cleanup_ptr        
00000bd9  __TI_decompress_none    
00000c0f  __TI_decompress_rle24   
2000020c  __TI_dtors_ptr          
00000000  __TI_static_base__      
00000be7  __TI_zero_init          
0000082d  __aeabi_memclr          
0000082d  __aeabi_memclr4         
0000082d  __aeabi_memclr8         
00000791  __aeabi_memcpy          
00000791  __aeabi_memcpy4         
00000791  __aeabi_memcpy8         
0000082f  __aeabi_memset          
0000082f  __aeabi_memset4         
0000082f  __aeabi_memset8         
ffffffff  __binit__               
ffffffff  __c_args__              
20000000  __stack                 
00000b69  _args_main              
000009e1  _c_int00                
20000200  _lock                   
00000b8f  _nop                    
00000b87  _register_lock          
00000b81  _register_unlock        
00000c15  _system_pre_init        
20000204  _unlock                 
00000ac9  abort                   
ffffffff  binit                   
00000a31  copy_in                 
00000ad1  exit                    
00000000  g_pfnVectors            
000002fb  high_to_low             
20000214  i                       
0000026d  low_to_high             
00000389  main                    
20000210  main_func_sp            
00000791  memcpy                  
00000835  memset                  


GLOBAL SYMBOLS: SORTED BY Symbol Address 

address   name                    
-------   ----                    
00000000  __TI_static_base__      
00000000  g_pfnVectors            
00000200  __STACK_SIZE            
0000026d  low_to_high             
000002fb  high_to_low             
00000389  main                    
00000465  GPIOPadConfigSet        
00000595  SysCtlClockGet          
000006a1  SysCtlClockSet          
00000791  __aeabi_memcpy          
00000791  __aeabi_memcpy4         
00000791  __aeabi_memcpy8         
00000791  memcpy                  
0000082d  __aeabi_memclr          
0000082d  __aeabi_memclr4         
0000082d  __aeabi_memclr8         
0000082f  __aeabi_memset          
0000082f  __aeabi_memset4         
0000082f  __aeabi_memset8         
00000835  memset                  
000008a9  __TI_auto_init          
00000981  TimerConfigure          
000009e1  _c_int00                
00000a31  copy_in                 
00000a7d  GPIOPinConfigure        
00000ac5  C$$EXIT                 
00000ac9  abort                   
00000ad1  exit                    
00000b09  SysCtlPeripheralEnable  
00000b3d  GPIODirModeSet          
00000b69  _args_main              
00000b81  _register_unlock        
00000b87  _register_lock          
00000b8f  _nop                    
00000b95  GPIOPinTypeTimer        
00000ba7  TimerLoadSet            
00000bb9  TimerMatchSet           
00000bcb  TimerEnable             
00000bd9  __TI_decompress_none    
00000be7  __TI_zero_init          
00000bf3  ResetISR                
00000bff  TimerLoadGet            
00000c09  SysCtlDelay             
00000c0f  __TI_decompress_rle24   
00000c15  _system_pre_init        
00000d28  __TI_Handler_Table_Base 
00000d34  __TI_Handler_Table_Limit
00000d40  __TI_CINIT_Base         
00000d50  __TI_CINIT_Limit        
20000000  __stack                 
20000200  __STACK_END             
20000200  __STACK_TOP             
20000200  _lock                   
20000204  _unlock                 
20000208  __TI_cleanup_ptr        
2000020c  __TI_dtors_ptr          
20000210  main_func_sp            
20000214  i                       
ffffffff  __binit__               
ffffffff  __c_args__              
ffffffff  binit                   
UNDEFED   SHT$$INIT_ARRAY$$Base   
UNDEFED   SHT$$INIT_ARRAY$$Limit  

[63 symbols]
