******************************************************************************
                  TI ARM Linker PC v5.2.2                      
******************************************************************************
>> Linked Mon Dec 14 17:01:05 2015

OUTPUT FILE NAME:   <01_Hello_LED_(Blink)_RegisterAccess.out>
ENTRY POINT SYMBOL: "_c_int00"  address: 000004cd


MEMORY CONFIGURATION

         name            origin    length      used     unused   attr    fill
----------------------  --------  ---------  --------  --------  ----  --------
  FLASH                 00000000   00040000  0000061c  0003f9e4  R  X
  SRAM                  20000000   00008000  00000214  00007dec  RW X


SEGMENT ALLOCATION MAP

run origin  load origin   length   init length attrs members
----------  ----------- ---------- ----------- ----- -------
00000000    00000000    00000620   00000620    r-x
  00000000    00000000    0000026c   0000026c    r-- .intvecs
  0000026c    0000026c    00000390   00000390    r-x .text
  00000600    00000600    00000020   00000020    r-- .cinit
20000000    20000000    00000214   00000000    rw-
  20000000    20000000    00000200   00000000    rw- .stack
  20000200    20000200    00000014   00000000    rw- .data


SECTION ALLOCATION MAP

 output                                  attributes/
section   page    origin      length       input sections
--------  ----  ----------  ----------   ----------------
.intvecs   0    00000000    0000026c     
                  00000000    0000026c     tm4c123gh6pm_startup_ccs.obj (.intvecs)

.text      0    0000026c    00000390     
                  0000026c    0000009c     rtsv7M4_T_le_v4SPD16_eabi.lib : memcpy_t2.obj (.text)
                  00000308    0000007a                                   : memset_t2.obj (.text)
                  00000382    00000002     --HOLE-- [fill = 0]
                  00000384    00000070     main.obj (.text)
                  000003f4    0000006c     rtsv7M4_T_le_v4SPD16_eabi.lib : autoinit.obj (.text)
                  00000460    0000006a                                   : copy_decompress_rle.obj (.text)
                  000004ca    00000002     --HOLE-- [fill = 0]
                  000004cc    00000050                                   : boot.obj (.text)
                  0000051c    0000004c                                   : cpy_tbl.obj (.text)
                  00000568    00000044                                   : exit.obj (.text)
                  000005ac    00000018                                   : args_main.obj (.text)
                  000005c4    00000014                                   : _lock.obj (.text)
                  000005d8    0000000e                                   : copy_decompress_none.obj (.text:decompress:none)
                  000005e6    0000000c     tm4c123gh6pm_startup_ccs.obj (.text)
                  000005f2    00000006     rtsv7M4_T_le_v4SPD16_eabi.lib : copy_decompress_rle.obj (.text:decompress:rle24)
                  000005f8    00000004                                   : pre_init.obj (.text)

.cinit     0    00000600    00000020     
                  00000600    0000000f     (.cinit..data.load) [load image, compression = rle]
                  0000060f    00000001     --HOLE-- [fill = 0]
                  00000610    00000008     (__TI_handler_table)
                  00000618    00000008     (__TI_cinit_table)

.init_array 
*          0    00000000    00000000     UNINITIALIZED

.stack     0    20000000    00000200     UNINITIALIZED
                  20000000    00000200     --HOLE--

.data      0    20000200    00000014     UNINITIALIZED
                  20000200    00000008     rtsv7M4_T_le_v4SPD16_eabi.lib : _lock.obj (.data)
                  20000208    00000008                                   : exit.obj (.data)
                  20000210    00000004                                   : stkdepth_vars.obj (.data)

.TI.persistent 
*          0    20000200    00000000     UNINITIALIZED


LINKER GENERATED COPY TABLES

__TI_cinit_table @ 00000618 records: 1, size/record: 8, table size: 8
	.data: load addr=00000600, load size=0000000f bytes, run addr=20000200, run size=00000014 bytes, compression=rle


LINKER GENERATED HANDLER TABLE

__TI_handler_table @ 00000610 records: 2, size/record: 4, table size: 8
	index: 0, handler: __TI_decompress_rle24
	index: 1, handler: __TI_decompress_none


GLOBAL SYMBOLS: SORTED ALPHABETICALLY BY Name 

address   name                    
-------   ----                    
00000569  C$$EXIT                 
000005e7  ResetISR                
UNDEFED   SHT$$INIT_ARRAY$$Base   
UNDEFED   SHT$$INIT_ARRAY$$Limit  
20000200  __STACK_END             
00000200  __STACK_SIZE            
20000200  __STACK_TOP             
00000618  __TI_CINIT_Base         
00000620  __TI_CINIT_Limit        
00000610  __TI_Handler_Table_Base 
00000618  __TI_Handler_Table_Limit
000003f5  __TI_auto_init          
20000208  __TI_cleanup_ptr        
000005d9  __TI_decompress_none    
000005f3  __TI_decompress_rle24   
2000020c  __TI_dtors_ptr          
00000000  __TI_static_base__      
00000309  __aeabi_memclr          
00000309  __aeabi_memclr4         
00000309  __aeabi_memclr8         
0000026d  __aeabi_memcpy          
0000026d  __aeabi_memcpy4         
0000026d  __aeabi_memcpy8         
0000030b  __aeabi_memset          
0000030b  __aeabi_memset4         
0000030b  __aeabi_memset8         
ffffffff  __binit__               
ffffffff  __c_args__              
20000000  __stack                 
000005ad  _args_main              
000004cd  _c_int00                
20000200  _lock                   
000005d3  _nop                    
000005cb  _register_lock          
000005c5  _register_unlock        
000005f9  _system_pre_init        
20000204  _unlock                 
0000056d  abort                   
ffffffff  binit                   
0000051d  copy_in                 
00000575  exit                    
00000000  g_pfnVectors            
00000385  main                    
20000210  main_func_sp            
0000026d  memcpy                  
00000311  memset                  


GLOBAL SYMBOLS: SORTED BY Symbol Address 

address   name                    
-------   ----                    
00000000  __TI_static_base__      
00000000  g_pfnVectors            
00000200  __STACK_SIZE            
0000026d  __aeabi_memcpy          
0000026d  __aeabi_memcpy4         
0000026d  __aeabi_memcpy8         
0000026d  memcpy                  
00000309  __aeabi_memclr          
00000309  __aeabi_memclr4         
00000309  __aeabi_memclr8         
0000030b  __aeabi_memset          
0000030b  __aeabi_memset4         
0000030b  __aeabi_memset8         
00000311  memset                  
00000385  main                    
000003f5  __TI_auto_init          
000004cd  _c_int00                
0000051d  copy_in                 
00000569  C$$EXIT                 
0000056d  abort                   
00000575  exit                    
000005ad  _args_main              
000005c5  _register_unlock        
000005cb  _register_lock          
000005d3  _nop                    
000005d9  __TI_decompress_none    
000005e7  ResetISR                
000005f3  __TI_decompress_rle24   
000005f9  _system_pre_init        
00000610  __TI_Handler_Table_Base 
00000618  __TI_CINIT_Base         
00000618  __TI_Handler_Table_Limit
00000620  __TI_CINIT_Limit        
20000000  __stack                 
20000200  __STACK_END             
20000200  __STACK_TOP             
20000200  _lock                   
20000204  _unlock                 
20000208  __TI_cleanup_ptr        
2000020c  __TI_dtors_ptr          
20000210  main_func_sp            
ffffffff  __binit__               
ffffffff  __c_args__              
ffffffff  binit                   
UNDEFED   SHT$$INIT_ARRAY$$Base   
UNDEFED   SHT$$INIT_ARRAY$$Limit  

[46 symbols]
