******************************************************************************
                  TI ARM Linker PC v5.2.5                      
******************************************************************************
>> Linked Thu Dec 17 10:38:38 2015

OUTPUT FILE NAME:   <multi-uart.out>
ENTRY POINT SYMBOL: "_c_int00"  address: 0000088d


MEMORY CONFIGURATION

         name            origin    length      used     unused   attr    fill
----------------------  --------  ---------  --------  --------  ----  --------
  FLASH                 00000000   00040000  00000c44  0003f3bc  R  X
  SRAM                  20000000   00008000  00000114  00007eec  RW X


SEGMENT ALLOCATION MAP

run origin  load origin   length   init length attrs members
----------  ----------- ---------- ----------- ----- -------
00000000    00000000    00000c48   00000c48    r-x
  00000000    00000000    0000026c   0000026c    r-- .intvecs
  0000026c    0000026c    000008bc   000008bc    r-x .text
  00000b28    00000b28    000000fc   000000fc    r-- .const
  00000c28    00000c28    00000020   00000020    r-- .cinit
20000000    20000000    00000114   00000000    rw-
  20000000    20000000    00000100   00000000    rw- .stack
  20000100    20000100    00000014   00000000    rw- .data


SECTION ALLOCATION MAP

 output                                  attributes/
section   page    origin      length       input sections
--------  ----  ----------  ----------   ----------------
.intvecs   0    00000000    0000026c     
                  00000000    0000026c     startup_ccs.obj (.intvecs)

.text      0    0000026c    000008bc     
                  0000026c    00000130     driverlib.lib : gpio.obj (.text:GPIOPadConfigSet)
                  0000039c    0000010c                   : sysctl.obj (.text:SysCtlClockGet)
                  000004a8    00000104     uart_echo.obj (.text:main)
                  000005ac    000000f0     driverlib.lib : sysctl.obj (.text:SysCtlClockSet)
                  0000069c    0000009c     rtsv7M4_T_le_v4SPD16_eabi.lib : memcpy_t2.obj (.text)
                  00000738    0000007a                                   : memset_t2.obj (.text)
                  000007b2    00000002     startup_ccs.obj (.text:FaultISR)
                  000007b4    0000006c     rtsv7M4_T_le_v4SPD16_eabi.lib : autoinit.obj (.text)
                  00000820    0000006a                                   : copy_decompress_rle.obj (.text)
                  0000088a    00000002     startup_ccs.obj (.text:IntDefaultHandler)
                  0000088c    00000050     rtsv7M4_T_le_v4SPD16_eabi.lib : boot.obj (.text)
                  000008dc    0000004c                                   : cpy_tbl.obj (.text)
                  00000928    00000048     driverlib.lib : gpio.obj (.text:GPIOPinConfigure)
                  00000970    00000044     rtsv7M4_T_le_v4SPD16_eabi.lib : exit.obj (.text)
                  000009b4    00000042     driverlib.lib : uart.obj (.text:UARTConfigSetExpClk)
                  000009f6    00000002     startup_ccs.obj (.text:NmiSR)
                  000009f8    00000034     driverlib.lib : sysctl.obj (.text:SysCtlPeripheralEnable)
                  00000a2c    0000002a                   : gpio.obj (.text:GPIODirModeSet)
                  00000a56    00000002     --HOLE-- [fill = 0]
                  00000a58    0000001c                   : uart.obj (.text:UARTDisable)
                  00000a74    00000018                   : gpio.obj (.text:GPIOPinTypeGPIOOutput)
                  00000a8c    00000018     rtsv7M4_T_le_v4SPD16_eabi.lib : args_main.obj (.text)
                  00000aa4    00000014     driverlib.lib : uart.obj (.text:UARTEnable)
                  00000ab8    00000014     rtsv7M4_T_le_v4SPD16_eabi.lib : _lock.obj (.text)
                  00000acc    00000012     driverlib.lib : gpio.obj (.text:GPIOPinTypeUART)
                  00000ade    0000000e     rtsv7M4_T_le_v4SPD16_eabi.lib : copy_decompress_none.obj (.text:decompress:none)
                  00000aec    0000000c     driverlib.lib : uart.obj (.text:UARTCharsAvail)
                  00000af8    0000000a                   : uart.obj (.text:UARTCharGet)
                  00000b02    0000000a                   : uart.obj (.text:UARTCharPut)
                  00000b0c    00000006                   : gpio.obj (.text:GPIOPinWrite)
                  00000b12    00000006     startup_ccs.obj (.text:ResetISR)
                  00000b18    00000006     driverlib.lib : sysctl.obj (.text:SysCtlDelay)
                  00000b1e    00000006     rtsv7M4_T_le_v4SPD16_eabi.lib : copy_decompress_rle.obj (.text:decompress:rle24)
                  00000b24    00000004                                   : pre_init.obj (.text)

.const     0    00000b28    000000fc     
                  00000b28    00000090     driverlib.lib : gpio.obj (.const:g_pui32GPIOBaseAddrs)
                  00000bb8    0000006c                   : sysctl.obj (.const:g_pui32Xtals)

.cinit     0    00000c28    00000020     
                  00000c28    0000000f     (.cinit..data.load) [load image, compression = rle]
                  00000c37    00000001     --HOLE-- [fill = 0]
                  00000c38    00000008     (__TI_handler_table)
                  00000c40    00000008     (__TI_cinit_table)

.init_array 
*          0    00000000    00000000     UNINITIALIZED

.stack     0    20000000    00000100     UNINITIALIZED
                  20000000    00000100     --HOLE--

.data      0    20000100    00000014     UNINITIALIZED
                  20000100    00000008     rtsv7M4_T_le_v4SPD16_eabi.lib : _lock.obj (.data)
                  20000108    00000008                                   : exit.obj (.data)
                  20000110    00000004                                   : stkdepth_vars.obj (.data)

.TI.persistent 
*          0    20000100    00000000     UNINITIALIZED


LINKER GENERATED COPY TABLES

__TI_cinit_table @ 00000c40 records: 1, size/record: 8, table size: 8
	.data: load addr=00000c28, load size=0000000f bytes, run addr=20000100, run size=00000014 bytes, compression=rle


LINKER GENERATED HANDLER TABLE

__TI_handler_table @ 00000c38 records: 2, size/record: 4, table size: 8
	index: 0, handler: __TI_decompress_rle24
	index: 1, handler: __TI_decompress_none


GLOBAL SYMBOLS: SORTED ALPHABETICALLY BY Name 

address   name                    
-------   ----                    
00000971  C$$EXIT                 
00000a2d  GPIODirModeSet          
0000026d  GPIOPadConfigSet        
00000929  GPIOPinConfigure        
00000a75  GPIOPinTypeGPIOOutput   
00000acd  GPIOPinTypeUART         
00000b0d  GPIOPinWrite            
00000b13  ResetISR                
UNDEFED   SHT$$INIT_ARRAY$$Base   
UNDEFED   SHT$$INIT_ARRAY$$Limit  
0000039d  SysCtlClockGet          
000005ad  SysCtlClockSet          
00000b19  SysCtlDelay             
000009f9  SysCtlPeripheralEnable  
00000af9  UARTCharGet             
00000b03  UARTCharPut             
00000aed  UARTCharsAvail          
000009b5  UARTConfigSetExpClk     
00000a59  UARTDisable             
00000aa5  UARTEnable              
20000100  __STACK_END             
00000100  __STACK_SIZE            
20000100  __STACK_TOP             
00000c40  __TI_CINIT_Base         
00000c48  __TI_CINIT_Limit        
00000c38  __TI_Handler_Table_Base 
00000c40  __TI_Handler_Table_Limit
000007b5  __TI_auto_init          
20000108  __TI_cleanup_ptr        
00000adf  __TI_decompress_none    
00000b1f  __TI_decompress_rle24   
2000010c  __TI_dtors_ptr          
00000000  __TI_static_base__      
00000739  __aeabi_memclr          
00000739  __aeabi_memclr4         
00000739  __aeabi_memclr8         
0000069d  __aeabi_memcpy          
0000069d  __aeabi_memcpy4         
0000069d  __aeabi_memcpy8         
0000073b  __aeabi_memset          
0000073b  __aeabi_memset4         
0000073b  __aeabi_memset8         
ffffffff  __binit__               
ffffffff  __c_args__              
20000000  __stack                 
00000a8d  _args_main              
0000088d  _c_int00                
20000100  _lock                   
00000ac7  _nop                    
00000abf  _register_lock          
00000ab9  _register_unlock        
00000b25  _system_pre_init        
20000104  _unlock                 
00000975  abort                   
ffffffff  binit                   
000008dd  copy_in                 
0000097d  exit                    
00000000  g_pfnVectors            
000004a9  main                    
20000110  main_func_sp            
0000069d  memcpy                  
00000741  memset                  


GLOBAL SYMBOLS: SORTED BY Symbol Address 

address   name                    
-------   ----                    
00000000  __TI_static_base__      
00000000  g_pfnVectors            
00000100  __STACK_SIZE            
0000026d  GPIOPadConfigSet        
0000039d  SysCtlClockGet          
000004a9  main                    
000005ad  SysCtlClockSet          
0000069d  __aeabi_memcpy          
0000069d  __aeabi_memcpy4         
0000069d  __aeabi_memcpy8         
0000069d  memcpy                  
00000739  __aeabi_memclr          
00000739  __aeabi_memclr4         
00000739  __aeabi_memclr8         
0000073b  __aeabi_memset          
0000073b  __aeabi_memset4         
0000073b  __aeabi_memset8         
00000741  memset                  
000007b5  __TI_auto_init          
0000088d  _c_int00                
000008dd  copy_in                 
00000929  GPIOPinConfigure        
00000971  C$$EXIT                 
00000975  abort                   
0000097d  exit                    
000009b5  UARTConfigSetExpClk     
000009f9  SysCtlPeripheralEnable  
00000a2d  GPIODirModeSet          
00000a59  UARTDisable             
00000a75  GPIOPinTypeGPIOOutput   
00000a8d  _args_main              
00000aa5  UARTEnable              
00000ab9  _register_unlock        
00000abf  _register_lock          
00000ac7  _nop                    
00000acd  GPIOPinTypeUART         
00000adf  __TI_decompress_none    
00000aed  UARTCharsAvail          
00000af9  UARTCharGet             
00000b03  UARTCharPut             
00000b0d  GPIOPinWrite            
00000b13  ResetISR                
00000b19  SysCtlDelay             
00000b1f  __TI_decompress_rle24   
00000b25  _system_pre_init        
00000c38  __TI_Handler_Table_Base 
00000c40  __TI_CINIT_Base         
00000c40  __TI_Handler_Table_Limit
00000c48  __TI_CINIT_Limit        
20000000  __stack                 
20000100  __STACK_END             
20000100  __STACK_TOP             
20000100  _lock                   
20000104  _unlock                 
20000108  __TI_cleanup_ptr        
2000010c  __TI_dtors_ptr          
20000110  main_func_sp            
ffffffff  __binit__               
ffffffff  __c_args__              
ffffffff  binit                   
UNDEFED   SHT$$INIT_ARRAY$$Base   
UNDEFED   SHT$$INIT_ARRAY$$Limit  

[62 symbols]
