******************************************************************************
                  TI ARM Linker PC v5.2.5                      
******************************************************************************
>> Linked Thu Dec 17 10:00:59 2015

OUTPUT FILE NAME:   <mic_out.out>
ENTRY POINT SYMBOL: "_c_int00"  address: 000009b1


MEMORY CONFIGURATION

         name            origin    length      used     unused   attr    fill
----------------------  --------  ---------  --------  --------  ----  --------
  FLASH                 00000000   00040000  00000de6  0003f21a  R  X
  SRAM                  20000000   00008000  0000021c  00007de4  RW X


SEGMENT ALLOCATION MAP

run origin  load origin   length   init length attrs members
----------  ----------- ---------- ----------- ----- -------
00000000    00000000    00000de8   00000de8    r-x
  00000000    00000000    0000026c   0000026c    r-- .intvecs
  0000026c    0000026c    00000a46   00000a46    r-x .text
  00000cb4    00000cb4    000000fc   000000fc    r-- .const
  00000db0    00000db0    00000038   00000038    r-- .cinit
20000000    20000000    0000021c   00000000    rw-
  20000000    20000000    00000200   00000000    rw- .stack
  20000200    20000200    00000014   00000000    rw- .data
  20000214    20000214    00000008   00000000    rw- .bss


SECTION ALLOCATION MAP

 output                                  attributes/
section   page    origin      length       input sections
--------  ----  ----------  ----------   ----------------
.intvecs   0    00000000    0000026c     
                  00000000    0000026c     tm4c123gh6pm_startup_ccs.obj (.intvecs)

.text      0    0000026c    00000a46     
                  0000026c    00000150     main.obj (.text)
                  000003bc    00000130     driverlib.lib : gpio.obj (.text:GPIOPadConfigSet)
                  000004ec    0000010c                   : sysctl.obj (.text:SysCtlClockGet)
                  000005f8    000000f0                   : sysctl.obj (.text:SysCtlClockSet)
                  000006e8    0000009c     rtsv7M4_T_le_v4SPD16_eabi.lib : memcpy_t2.obj (.text)
                  00000784    0000007a     driverlib.lib : adc.obj (.text:ADCSequenceStepConfigure)
                  000007fe    0000007a     rtsv7M4_T_le_v4SPD16_eabi.lib : memset_t2.obj (.text)
                  00000878    0000006c                                   : autoinit.obj (.text)
                  000008e4    0000006a                                   : copy_decompress_rle.obj (.text)
                  0000094e    00000002     --HOLE-- [fill = 0]
                  00000950    00000060     driverlib.lib : timer.obj (.text:TimerConfigure)
                  000009b0    00000050     rtsv7M4_T_le_v4SPD16_eabi.lib : boot.obj (.text)
                  00000a00    0000004c                                   : cpy_tbl.obj (.text)
                  00000a4c    00000048     driverlib.lib : gpio.obj (.text:GPIOPinConfigure)
                  00000a94    00000044     rtsv7M4_T_le_v4SPD16_eabi.lib : exit.obj (.text)
                  00000ad8    0000003e     driverlib.lib : adc.obj (.text:ADCSequenceConfigure)
                  00000b16    00000002     --HOLE-- [fill = 0]
                  00000b18    00000034                   : sysctl.obj (.text:SysCtlPeripheralEnable)
                  00000b4c    0000002e                   : adc.obj (.text:ADCIntStatus)
                  00000b7a    0000002a                   : gpio.obj (.text:GPIODirModeSet)
                  00000ba4    0000001e                   : adc.obj (.text:ADCSequenceDataGet)
                  00000bc2    00000018                   : adc.obj (.text:ADCProcessorTrigger)
                  00000bda    00000002     --HOLE-- [fill = 0]
                  00000bdc    00000018     rtsv7M4_T_le_v4SPD16_eabi.lib : args_main.obj (.text)
                  00000bf4    00000014                                   : _lock.obj (.text)
                  00000c08    00000012     driverlib.lib : gpio.obj (.text:GPIOPinTypeADC)
                  00000c1a    00000012                   : gpio.obj (.text:GPIOPinTypeTimer)
                  00000c2c    00000012                   : timer.obj (.text:TimerLoadSet)
                  00000c3e    00000012                   : timer.obj (.text:TimerMatchSet)
                  00000c50    0000000e                   : adc.obj (.text:ADCSequenceEnable)
                  00000c5e    0000000e                   : timer.obj (.text:TimerEnable)
                  00000c6c    0000000e     rtsv7M4_T_le_v4SPD16_eabi.lib : copy_decompress_none.obj (.text:decompress:none)
                  00000c7a    0000000c                                   : copy_zero_init.obj (.text:decompress:ZI)
                  00000c86    0000000c     tm4c123gh6pm_startup_ccs.obj (.text)
                  00000c92    0000000a     driverlib.lib : adc.obj (.text:ADCIntClear)
                  00000c9c    00000006                   : sysctl.obj (.text:SysCtlDelay)
                  00000ca2    00000006                   : timer.obj (.text:TimerClockSourceSet)
                  00000ca8    00000006     rtsv7M4_T_le_v4SPD16_eabi.lib : copy_decompress_rle.obj (.text:decompress:rle24)
                  00000cae    00000004                                   : pre_init.obj (.text)

.const     0    00000cb4    000000fc     
                  00000cb4    00000090     driverlib.lib : gpio.obj (.const:g_pui32GPIOBaseAddrs)
                  00000d44    0000006c                   : sysctl.obj (.const:g_pui32Xtals)

.cinit     0    00000db0    00000038     
                  00000db0    0000000f     (.cinit..data.load) [load image, compression = rle]
                  00000dbf    00000001     --HOLE-- [fill = 0]
                  00000dc0    0000000c     (__TI_handler_table)
                  00000dcc    00000004     --HOLE-- [fill = 0]
                  00000dd0    00000008     (.cinit..bss.load) [load image, compression = zero_init]
                  00000dd8    00000010     (__TI_cinit_table)

.init_array 
*          0    00000000    00000000     UNINITIALIZED

.stack     0    20000000    00000200     UNINITIALIZED
                  20000000    00000200     --HOLE--

.data      0    20000200    00000014     UNINITIALIZED
                  20000200    00000008     rtsv7M4_T_le_v4SPD16_eabi.lib : _lock.obj (.data)
                  20000208    00000008                                   : exit.obj (.data)
                  20000210    00000004                                   : stkdepth_vars.obj (.data)

.bss       0    20000214    00000008     UNINITIALIZED
                  20000214    00000004     (.common:adcValue)
                  20000218    00000004     (.common:pwmDuty)

.TI.persistent 
*          0    20000200    00000000     UNINITIALIZED

.TI.noinit 
*          0    20000214    00000000     UNINITIALIZED


LINKER GENERATED COPY TABLES

__TI_cinit_table @ 00000dd8 records: 2, size/record: 8, table size: 16
	.data: load addr=00000db0, load size=0000000f bytes, run addr=20000200, run size=00000014 bytes, compression=rle
	.bss: load addr=00000dd0, load size=00000008 bytes, run addr=20000214, run size=00000008 bytes, compression=zero_init


LINKER GENERATED HANDLER TABLE

__TI_handler_table @ 00000dc0 records: 3, size/record: 4, table size: 12
	index: 0, handler: __TI_decompress_rle24
	index: 1, handler: __TI_decompress_none
	index: 2, handler: __TI_zero_init


GLOBAL SYMBOLS: SORTED ALPHABETICALLY BY Name 

address   name                    
-------   ----                    
00000c93  ADCIntClear             
00000b4d  ADCIntStatus            
00000bc3  ADCProcessorTrigger     
00000ad9  ADCSequenceConfigure    
00000ba5  ADCSequenceDataGet      
00000c51  ADCSequenceEnable       
00000785  ADCSequenceStepConfigure
00000a95  C$$EXIT                 
00000b7b  GPIODirModeSet          
000003bd  GPIOPadConfigSet        
00000a4d  GPIOPinConfigure        
00000c09  GPIOPinTypeADC          
00000c1b  GPIOPinTypeTimer        
00000c87  ResetISR                
UNDEFED   SHT$$INIT_ARRAY$$Base   
UNDEFED   SHT$$INIT_ARRAY$$Limit  
000004ed  SysCtlClockGet          
000005f9  SysCtlClockSet          
00000c9d  SysCtlDelay             
00000b19  SysCtlPeripheralEnable  
00000ca3  TimerClockSourceSet     
00000951  TimerConfigure          
00000c5f  TimerEnable             
00000c2d  TimerLoadSet            
00000c3f  TimerMatchSet           
20000200  __STACK_END             
00000200  __STACK_SIZE            
20000200  __STACK_TOP             
00000dd8  __TI_CINIT_Base         
00000de8  __TI_CINIT_Limit        
00000dc0  __TI_Handler_Table_Base 
00000dcc  __TI_Handler_Table_Limit
00000879  __TI_auto_init          
20000208  __TI_cleanup_ptr        
00000c6d  __TI_decompress_none    
00000ca9  __TI_decompress_rle24   
2000020c  __TI_dtors_ptr          
00000000  __TI_static_base__      
00000c7b  __TI_zero_init          
000007ff  __aeabi_memclr          
000007ff  __aeabi_memclr4         
000007ff  __aeabi_memclr8         
000006e9  __aeabi_memcpy          
000006e9  __aeabi_memcpy4         
000006e9  __aeabi_memcpy8         
00000801  __aeabi_memset          
00000801  __aeabi_memset4         
00000801  __aeabi_memset8         
ffffffff  __binit__               
ffffffff  __c_args__              
20000000  __stack                 
00000bdd  _args_main              
000009b1  _c_int00                
20000200  _lock                   
00000c03  _nop                    
00000bfb  _register_lock          
00000bf5  _register_unlock        
00000caf  _system_pre_init        
20000204  _unlock                 
00000a99  abort                   
20000214  adcValue                
ffffffff  binit                   
00000a01  copy_in                 
00000aa1  exit                    
00000000  g_pfnVectors            
0000026d  main                    
20000210  main_func_sp            
000006e9  memcpy                  
00000807  memset                  
20000218  pwmDuty                 


GLOBAL SYMBOLS: SORTED BY Symbol Address 

address   name                    
-------   ----                    
00000000  __TI_static_base__      
00000000  g_pfnVectors            
00000200  __STACK_SIZE            
0000026d  main                    
000003bd  GPIOPadConfigSet        
000004ed  SysCtlClockGet          
000005f9  SysCtlClockSet          
000006e9  __aeabi_memcpy          
000006e9  __aeabi_memcpy4         
000006e9  __aeabi_memcpy8         
000006e9  memcpy                  
00000785  ADCSequenceStepConfigure
000007ff  __aeabi_memclr          
000007ff  __aeabi_memclr4         
000007ff  __aeabi_memclr8         
00000801  __aeabi_memset          
00000801  __aeabi_memset4         
00000801  __aeabi_memset8         
00000807  memset                  
00000879  __TI_auto_init          
00000951  TimerConfigure          
000009b1  _c_int00                
00000a01  copy_in                 
00000a4d  GPIOPinConfigure        
00000a95  C$$EXIT                 
00000a99  abort                   
00000aa1  exit                    
00000ad9  ADCSequenceConfigure    
00000b19  SysCtlPeripheralEnable  
00000b4d  ADCIntStatus            
00000b7b  GPIODirModeSet          
00000ba5  ADCSequenceDataGet      
00000bc3  ADCProcessorTrigger     
00000bdd  _args_main              
00000bf5  _register_unlock        
00000bfb  _register_lock          
00000c03  _nop                    
00000c09  GPIOPinTypeADC          
00000c1b  GPIOPinTypeTimer        
00000c2d  TimerLoadSet            
00000c3f  TimerMatchSet           
00000c51  ADCSequenceEnable       
00000c5f  TimerEnable             
00000c6d  __TI_decompress_none    
00000c7b  __TI_zero_init          
00000c87  ResetISR                
00000c93  ADCIntClear             
00000c9d  SysCtlDelay             
00000ca3  TimerClockSourceSet     
00000ca9  __TI_decompress_rle24   
00000caf  _system_pre_init        
00000dc0  __TI_Handler_Table_Base 
00000dcc  __TI_Handler_Table_Limit
00000dd8  __TI_CINIT_Base         
00000de8  __TI_CINIT_Limit        
20000000  __stack                 
20000200  __STACK_END             
20000200  __STACK_TOP             
20000200  _lock                   
20000204  _unlock                 
20000208  __TI_cleanup_ptr        
2000020c  __TI_dtors_ptr          
20000210  main_func_sp            
20000214  adcValue                
20000218  pwmDuty                 
ffffffff  __binit__               
ffffffff  __c_args__              
ffffffff  binit                   
UNDEFED   SHT$$INIT_ARRAY$$Base   
UNDEFED   SHT$$INIT_ARRAY$$Limit  

[70 symbols]
