******************************************************************************
                  TI ARM Linker PC v5.2.5                      
******************************************************************************
>> Linked Thu Dec 17 13:39:54 2015

OUTPUT FILE NAME:   <audio_in_out.out>
ENTRY POINT SYMBOL: "_c_int00"  address: 000008b1


MEMORY CONFIGURATION

         name            origin    length      used     unused   attr    fill
----------------------  --------  ---------  --------  --------  ----  --------
  FLASH                 00000000   00040000  00000cf4  0003f30c  R  X
  SRAM                  20000000   00008000  0000021c  00007de4  RW X


SEGMENT ALLOCATION MAP

run origin  load origin   length   init length attrs members
----------  ----------- ---------- ----------- ----- -------
00000000    00000000    00000cf8   00000cf8    r-x
  00000000    00000000    0000026c   0000026c    r-- .intvecs
  0000026c    0000026c    000009c0   000009c0    r-x .text
  00000c2c    00000c2c    00000090   00000090    r-- .const
  00000cc0    00000cc0    00000038   00000038    r-- .cinit
20000000    20000000    0000021c   00000000    rw-
  20000000    20000000    00000200   00000000    rw- .stack
  20000200    20000200    00000014   00000000    rw- .data
  20000214    20000214    00000008   00000000    rw- .bss


SECTION ALLOCATION MAP

 output                                  attributes/
section   page    origin      length       input sections
--------  ----  ----------  ----------   ----------------
.intvecs   0    00000000    0000026c     
                  00000000    0000026c     tm4c123gh6pm_startup_ccs.obj (.intvecs)

.text      0    0000026c    000009c0     
                  0000026c    0000015c     main.obj (.text)
                  000003c8    00000130     driverlib.lib : gpio.obj (.text:GPIOPadConfigSet)
                  000004f8    000000f0                   : sysctl.obj (.text:SysCtlClockSet)
                  000005e8    0000009c     rtsv7M4_T_le_v4SPD16_eabi.lib : memcpy_t2.obj (.text)
                  00000684    0000007a     driverlib.lib : adc.obj (.text:ADCSequenceStepConfigure)
                  000006fe    0000007a     rtsv7M4_T_le_v4SPD16_eabi.lib : memset_t2.obj (.text)
                  00000778    0000006c                                   : autoinit.obj (.text)
                  000007e4    0000006a                                   : copy_decompress_rle.obj (.text)
                  0000084e    00000002     --HOLE-- [fill = 0]
                  00000850    00000060     driverlib.lib : timer.obj (.text:TimerConfigure)
                  000008b0    00000050     rtsv7M4_T_le_v4SPD16_eabi.lib : boot.obj (.text)
                  00000900    0000004c                                   : cpy_tbl.obj (.text)
                  0000094c    00000048     driverlib.lib : gpio.obj (.text:GPIOPinConfigure)
                  00000994    00000044     rtsv7M4_T_le_v4SPD16_eabi.lib : exit.obj (.text)
                  000009d8    0000003e     driverlib.lib : adc.obj (.text:ADCSequenceConfigure)
                  00000a16    00000002     --HOLE-- [fill = 0]
                  00000a18    00000038                   : sysctl.obj (.text:SysCtlPeripheralReady)
                  00000a50    00000034                   : sysctl.obj (.text:SysCtlPeripheralEnable)
                  00000a84    0000002e                   : adc.obj (.text:ADCIntStatus)
                  00000ab2    0000002a                   : gpio.obj (.text:GPIODirModeSet)
                  00000adc    0000001e                   : adc.obj (.text:ADCSequenceDataGet)
                  00000afa    00000018                   : adc.obj (.text:ADCClockConfigSet)
                  00000b12    00000018                   : adc.obj (.text:ADCProcessorTrigger)
                  00000b2a    00000002     --HOLE-- [fill = 0]
                  00000b2c    00000018     rtsv7M4_T_le_v4SPD16_eabi.lib : args_main.obj (.text)
                  00000b44    00000014                                   : _lock.obj (.text)
                  00000b58    00000012     driverlib.lib : gpio.obj (.text:GPIOPinTypeADC)
                  00000b6a    00000012                   : gpio.obj (.text:GPIOPinTypeTimer)
                  00000b7c    00000012                   : timer.obj (.text:TimerLoadSet)
                  00000b8e    00000012                   : timer.obj (.text:TimerMatchSet)
                  00000ba0    00000010                   : interrupt.obj (.text:IntMasterEnable)
                  00000bb0    0000000e                   : adc.obj (.text:ADCSequenceDisable)
                  00000bbe    0000000e                   : adc.obj (.text:ADCSequenceEnable)
                  00000bcc    0000000e                   : timer.obj (.text:TimerEnable)
                  00000bda    0000000e     rtsv7M4_T_le_v4SPD16_eabi.lib : copy_decompress_none.obj (.text:decompress:none)
                  00000be8    0000000c     driverlib.lib : cpu.obj (.text:CPUcpsie)
                  00000bf4    0000000c     rtsv7M4_T_le_v4SPD16_eabi.lib : copy_zero_init.obj (.text:decompress:ZI)
                  00000c00    0000000c     tm4c123gh6pm_startup_ccs.obj (.text)
                  00000c0c    0000000a     driverlib.lib : adc.obj (.text:ADCIntClear)
                  00000c16    00000006                   : sysctl.obj (.text:SysCtlDelay)
                  00000c1c    00000006                   : timer.obj (.text:TimerClockSourceSet)
                  00000c22    00000006     rtsv7M4_T_le_v4SPD16_eabi.lib : copy_decompress_rle.obj (.text:decompress:rle24)
                  00000c28    00000004                                   : pre_init.obj (.text)

.const     0    00000c2c    00000090     
                  00000c2c    00000090     driverlib.lib : gpio.obj (.const:g_pui32GPIOBaseAddrs)

.cinit     0    00000cc0    00000038     
                  00000cc0    0000000f     (.cinit..data.load) [load image, compression = rle]
                  00000ccf    00000001     --HOLE-- [fill = 0]
                  00000cd0    0000000c     (__TI_handler_table)
                  00000cdc    00000004     --HOLE-- [fill = 0]
                  00000ce0    00000008     (.cinit..bss.load) [load image, compression = zero_init]
                  00000ce8    00000010     (__TI_cinit_table)

.init_array 
*          0    00000000    00000000     UNINITIALIZED

.stack     0    20000000    00000200     UNINITIALIZED
                  20000000    00000200     --HOLE--

.data      0    20000200    00000014     UNINITIALIZED
                  20000200    00000008     rtsv7M4_T_le_v4SPD16_eabi.lib : _lock.obj (.data)
                  20000208    00000008                                   : exit.obj (.data)
                  20000210    00000004                                   : stkdepth_vars.obj (.data)

.bss       0    20000214    00000008     UNINITIALIZED
                  20000214    00000008     (.common:adcValue)

.TI.persistent 
*          0    20000200    00000000     UNINITIALIZED

.TI.noinit 
*          0    20000214    00000000     UNINITIALIZED


LINKER GENERATED COPY TABLES

__TI_cinit_table @ 00000ce8 records: 2, size/record: 8, table size: 16
	.data: load addr=00000cc0, load size=0000000f bytes, run addr=20000200, run size=00000014 bytes, compression=rle
	.bss: load addr=00000ce0, load size=00000008 bytes, run addr=20000214, run size=00000008 bytes, compression=zero_init


LINKER GENERATED HANDLER TABLE

__TI_handler_table @ 00000cd0 records: 3, size/record: 4, table size: 12
	index: 0, handler: __TI_decompress_rle24
	index: 1, handler: __TI_decompress_none
	index: 2, handler: __TI_zero_init


GLOBAL SYMBOLS: SORTED ALPHABETICALLY BY Name 

address   name                    
-------   ----                    
00000afb  ADCClockConfigSet       
00000c0d  ADCIntClear             
00000a85  ADCIntStatus            
00000b13  ADCProcessorTrigger     
000009d9  ADCSequenceConfigure    
00000add  ADCSequenceDataGet      
00000bb1  ADCSequenceDisable      
00000bbf  ADCSequenceEnable       
00000685  ADCSequenceStepConfigure
00000995  C$$EXIT                 
00000be9  CPUcpsie                
00000ab3  GPIODirModeSet          
000003c9  GPIOPadConfigSet        
0000094d  GPIOPinConfigure        
00000b59  GPIOPinTypeADC          
00000b6b  GPIOPinTypeTimer        
00000ba1  IntMasterEnable         
00000c01  ResetISR                
UNDEFED   SHT$$INIT_ARRAY$$Base   
UNDEFED   SHT$$INIT_ARRAY$$Limit  
000004f9  SysCtlClockSet          
00000c17  SysCtlDelay             
00000a51  SysCtlPeripheralEnable  
00000a19  SysCtlPeripheralReady   
00000c1d  TimerClockSourceSet     
00000851  TimerConfigure          
00000bcd  TimerEnable             
00000b7d  TimerLoadSet            
00000b8f  TimerMatchSet           
20000200  __STACK_END             
00000200  __STACK_SIZE            
20000200  __STACK_TOP             
00000ce8  __TI_CINIT_Base         
00000cf8  __TI_CINIT_Limit        
00000cd0  __TI_Handler_Table_Base 
00000cdc  __TI_Handler_Table_Limit
00000779  __TI_auto_init          
20000208  __TI_cleanup_ptr        
00000bdb  __TI_decompress_none    
00000c23  __TI_decompress_rle24   
2000020c  __TI_dtors_ptr          
00000000  __TI_static_base__      
00000bf5  __TI_zero_init          
000006ff  __aeabi_memclr          
000006ff  __aeabi_memclr4         
000006ff  __aeabi_memclr8         
000005e9  __aeabi_memcpy          
000005e9  __aeabi_memcpy4         
000005e9  __aeabi_memcpy8         
00000701  __aeabi_memset          
00000701  __aeabi_memset4         
00000701  __aeabi_memset8         
ffffffff  __binit__               
ffffffff  __c_args__              
20000000  __stack                 
00000b2d  _args_main              
000008b1  _c_int00                
20000200  _lock                   
00000b53  _nop                    
00000b4b  _register_lock          
00000b45  _register_unlock        
00000c29  _system_pre_init        
20000204  _unlock                 
00000999  abort                   
20000214  adcValue                
ffffffff  binit                   
00000901  copy_in                 
000009a1  exit                    
00000000  g_pfnVectors            
0000026d  main                    
20000210  main_func_sp            
000005e9  memcpy                  
00000707  memset                  


GLOBAL SYMBOLS: SORTED BY Symbol Address 

address   name                    
-------   ----                    
00000000  __TI_static_base__      
00000000  g_pfnVectors            
00000200  __STACK_SIZE            
0000026d  main                    
000003c9  GPIOPadConfigSet        
000004f9  SysCtlClockSet          
000005e9  __aeabi_memcpy          
000005e9  __aeabi_memcpy4         
000005e9  __aeabi_memcpy8         
000005e9  memcpy                  
00000685  ADCSequenceStepConfigure
000006ff  __aeabi_memclr          
000006ff  __aeabi_memclr4         
000006ff  __aeabi_memclr8         
00000701  __aeabi_memset          
00000701  __aeabi_memset4         
00000701  __aeabi_memset8         
00000707  memset                  
00000779  __TI_auto_init          
00000851  TimerConfigure          
000008b1  _c_int00                
00000901  copy_in                 
0000094d  GPIOPinConfigure        
00000995  C$$EXIT                 
00000999  abort                   
000009a1  exit                    
000009d9  ADCSequenceConfigure    
00000a19  SysCtlPeripheralReady   
00000a51  SysCtlPeripheralEnable  
00000a85  ADCIntStatus            
00000ab3  GPIODirModeSet          
00000add  ADCSequenceDataGet      
00000afb  ADCClockConfigSet       
00000b13  ADCProcessorTrigger     
00000b2d  _args_main              
00000b45  _register_unlock        
00000b4b  _register_lock          
00000b53  _nop                    
00000b59  GPIOPinTypeADC          
00000b6b  GPIOPinTypeTimer        
00000b7d  TimerLoadSet            
00000b8f  TimerMatchSet           
00000ba1  IntMasterEnable         
00000bb1  ADCSequenceDisable      
00000bbf  ADCSequenceEnable       
00000bcd  TimerEnable             
00000bdb  __TI_decompress_none    
00000be9  CPUcpsie                
00000bf5  __TI_zero_init          
00000c01  ResetISR                
00000c0d  ADCIntClear             
00000c17  SysCtlDelay             
00000c1d  TimerClockSourceSet     
00000c23  __TI_decompress_rle24   
00000c29  _system_pre_init        
00000cd0  __TI_Handler_Table_Base 
00000cdc  __TI_Handler_Table_Limit
00000ce8  __TI_CINIT_Base         
00000cf8  __TI_CINIT_Limit        
20000000  __stack                 
20000200  __STACK_END             
20000200  __STACK_TOP             
20000200  _lock                   
20000204  _unlock                 
20000208  __TI_cleanup_ptr        
2000020c  __TI_dtors_ptr          
20000210  main_func_sp            
20000214  adcValue                
ffffffff  __binit__               
ffffffff  __c_args__              
ffffffff  binit                   
UNDEFED   SHT$$INIT_ARRAY$$Base   
UNDEFED   SHT$$INIT_ARRAY$$Limit  

[73 symbols]
