******************************************************************************
                  TI ARM Linker PC v5.2.2                      
******************************************************************************
>> Linked Tue Dec 15 09:43:31 2015

OUTPUT FILE NAME:   <03_Hello_LED_(Blink)_DriverLibrary_Launchpad.out>
ENTRY POINT SYMBOL: "_c_int00"  address: 000007e9


MEMORY CONFIGURATION

         name            origin    length      used     unused   attr    fill
----------------------  --------  ---------  --------  --------  ----  --------
  FLASH                 00000000   00040000  00000a28  0003f5d8  R  X
  SRAM                  20000000   00008000  00000214  00007dec  RW X


SEGMENT ALLOCATION MAP

run origin  load origin   length   init length attrs members
----------  ----------- ---------- ----------- ----- -------
00000000    00000000    00000a28   00000a28    r-x
  00000000    00000000    0000026c   0000026c    r-- .intvecs
  0000026c    0000026c    00000730   00000730    r-x .text
  0000099c    0000099c    0000006c   0000006c    r-- .const
  00000a08    00000a08    00000020   00000020    r-- .cinit
20000000    20000000    00000214   00000000    rw-
  20000000    20000000    00000200   00000000    rw- .stack
  20000200    20000200    00000014   00000000    rw- .data


SECTION ALLOCATION MAP

 output                                  attributes/
section   page    origin      length       input sections
--------  ----  ----------  ----------   ----------------
.intvecs   0    00000000    0000026c     
                  00000000    0000026c     tm4c123gh6pm_startup_ccs.obj (.intvecs)

.text      0    0000026c    00000730     
                  0000026c    00000130     driverlib.lib : gpio.obj (.text:GPIOPadConfigSet)
                  0000039c    0000010c                   : sysctl.obj (.text:SysCtlClockGet)
                  000004a8    000000f0                   : sysctl.obj (.text:SysCtlClockSet)
                  00000598    0000009c     rtsv7M4_T_le_v4SPD16_eabi.lib : memcpy_t2.obj (.text)
                  00000634    0000007a                                   : memset_t2.obj (.text)
                  000006ae    00000002     --HOLE-- [fill = 0]
                  000006b0    0000006c                                   : autoinit.obj (.text)
                  0000071c    0000006a                                   : copy_decompress_rle.obj (.text)
                  00000786    00000002     --HOLE-- [fill = 0]
                  00000788    00000060     main.obj (.text)
                  000007e8    00000050     rtsv7M4_T_le_v4SPD16_eabi.lib : boot.obj (.text)
                  00000838    0000004c                                   : cpy_tbl.obj (.text)
                  00000884    00000044                                   : exit.obj (.text)
                  000008c8    00000034     driverlib.lib : sysctl.obj (.text:SysCtlPeripheralEnable)
                  000008fc    0000002a                   : gpio.obj (.text:GPIODirModeSet)
                  00000926    00000018                   : gpio.obj (.text:GPIOPinTypeGPIOOutput)
                  0000093e    00000002     --HOLE-- [fill = 0]
                  00000940    00000018     rtsv7M4_T_le_v4SPD16_eabi.lib : args_main.obj (.text)
                  00000958    00000014                                   : _lock.obj (.text)
                  0000096c    0000000e                                   : copy_decompress_none.obj (.text:decompress:none)
                  0000097a    0000000c     tm4c123gh6pm_startup_ccs.obj (.text)
                  00000986    00000006     driverlib.lib : gpio.obj (.text:GPIOPinWrite)
                  0000098c    00000006                   : sysctl.obj (.text:SysCtlDelay)
                  00000992    00000006     rtsv7M4_T_le_v4SPD16_eabi.lib : copy_decompress_rle.obj (.text:decompress:rle24)
                  00000998    00000004                                   : pre_init.obj (.text)

.const     0    0000099c    0000006c     
                  0000099c    0000006c     driverlib.lib : sysctl.obj (.const:g_pui32Xtals)

.cinit     0    00000a08    00000020     
                  00000a08    0000000f     (.cinit..data.load) [load image, compression = rle]
                  00000a17    00000001     --HOLE-- [fill = 0]
                  00000a18    00000008     (__TI_handler_table)
                  00000a20    00000008     (__TI_cinit_table)

.init_array 
*          0    00000000    00000000     UNINITIALIZED

.stack     0    20000000    00000200     UNINITIALIZED
                  20000000    00000200     --HOLE--

.data      0    20000200    00000014     UNINITIALIZED
                  20000200    00000008     rtsv7M4_T_le_v4SPD16_eabi.lib : _lock.obj (.data)
                  20000208    00000008                                   : exit.obj (.data)
                  20000210    00000004                                   : stkdepth_vars.obj (.data)

.TI.persistent 
*          0    20000200    00000000     UNINITIALIZED


LINKER GENERATED COPY TABLES

__TI_cinit_table @ 00000a20 records: 1, size/record: 8, table size: 8
	.data: load addr=00000a08, load size=0000000f bytes, run addr=20000200, run size=00000014 bytes, compression=rle


LINKER GENERATED HANDLER TABLE

__TI_handler_table @ 00000a18 records: 2, size/record: 4, table size: 8
	index: 0, handler: __TI_decompress_rle24
	index: 1, handler: __TI_decompress_none


GLOBAL SYMBOLS: SORTED ALPHABETICALLY BY Name 

address   name                    
-------   ----                    
00000885  C$$EXIT                 
000008fd  GPIODirModeSet          
0000026d  GPIOPadConfigSet        
00000927  GPIOPinTypeGPIOOutput   
00000987  GPIOPinWrite            
0000097b  ResetISR                
UNDEFED   SHT$$INIT_ARRAY$$Base   
UNDEFED   SHT$$INIT_ARRAY$$Limit  
0000039d  SysCtlClockGet          
000004a9  SysCtlClockSet          
0000098d  SysCtlDelay             
000008c9  SysCtlPeripheralEnable  
20000200  __STACK_END             
00000200  __STACK_SIZE            
20000200  __STACK_TOP             
00000a20  __TI_CINIT_Base         
00000a28  __TI_CINIT_Limit        
00000a18  __TI_Handler_Table_Base 
00000a20  __TI_Handler_Table_Limit
000006b1  __TI_auto_init          
20000208  __TI_cleanup_ptr        
0000096d  __TI_decompress_none    
00000993  __TI_decompress_rle24   
2000020c  __TI_dtors_ptr          
00000000  __TI_static_base__      
00000635  __aeabi_memclr          
00000635  __aeabi_memclr4         
00000635  __aeabi_memclr8         
00000599  __aeabi_memcpy          
00000599  __aeabi_memcpy4         
00000599  __aeabi_memcpy8         
00000637  __aeabi_memset          
00000637  __aeabi_memset4         
00000637  __aeabi_memset8         
ffffffff  __binit__               
ffffffff  __c_args__              
20000000  __stack                 
00000941  _args_main              
000007e9  _c_int00                
20000200  _lock                   
00000967  _nop                    
0000095f  _register_lock          
00000959  _register_unlock        
00000999  _system_pre_init        
20000204  _unlock                 
00000889  abort                   
ffffffff  binit                   
00000839  copy_in                 
00000891  exit                    
00000000  g_pfnVectors            
00000789  main                    
20000210  main_func_sp            
00000599  memcpy                  
0000063d  memset                  


GLOBAL SYMBOLS: SORTED BY Symbol Address 

address   name                    
-------   ----                    
00000000  __TI_static_base__      
00000000  g_pfnVectors            
00000200  __STACK_SIZE            
0000026d  GPIOPadConfigSet        
0000039d  SysCtlClockGet          
000004a9  SysCtlClockSet          
00000599  __aeabi_memcpy          
00000599  __aeabi_memcpy4         
00000599  __aeabi_memcpy8         
00000599  memcpy                  
00000635  __aeabi_memclr          
00000635  __aeabi_memclr4         
00000635  __aeabi_memclr8         
00000637  __aeabi_memset          
00000637  __aeabi_memset4         
00000637  __aeabi_memset8         
0000063d  memset                  
000006b1  __TI_auto_init          
00000789  main                    
000007e9  _c_int00                
00000839  copy_in                 
00000885  C$$EXIT                 
00000889  abort                   
00000891  exit                    
000008c9  SysCtlPeripheralEnable  
000008fd  GPIODirModeSet          
00000927  GPIOPinTypeGPIOOutput   
00000941  _args_main              
00000959  _register_unlock        
0000095f  _register_lock          
00000967  _nop                    
0000096d  __TI_decompress_none    
0000097b  ResetISR                
00000987  GPIOPinWrite            
0000098d  SysCtlDelay             
00000993  __TI_decompress_rle24   
00000999  _system_pre_init        
00000a18  __TI_Handler_Table_Base 
00000a20  __TI_CINIT_Base         
00000a20  __TI_Handler_Table_Limit
00000a28  __TI_CINIT_Limit        
20000000  __stack                 
20000200  __STACK_END             
20000200  __STACK_TOP             
20000200  _lock                   
20000204  _unlock                 
20000208  __TI_cleanup_ptr        
2000020c  __TI_dtors_ptr          
20000210  main_func_sp            
ffffffff  __binit__               
ffffffff  __c_args__              
ffffffff  binit                   
UNDEFED   SHT$$INIT_ARRAY$$Base   
UNDEFED   SHT$$INIT_ARRAY$$Limit  

[54 symbols]
